// Jest Snapshot v1, https://goo.gl/fbAQLP

exports[`SearchScreen displays loading message (snapshot test) 1`] = `
<View
  style={
    Object {
      "backgroundColor": "#ffffff",
      "flex": 1,
    }
  }
>
  <View>
    <ActivityIndicator
      animating={true}
      color="#999999"
      hidesWhenStopped={true}
      size="large"
      style={
        Object {
          "height": 80,
        }
      }
    />
    <View
      style={
        Object {
          "flexDirection": "row",
          "justifyContent": "center",
        }
      }
    >
      <Text
        accessible={true}
        allowFontScaling={true}
        ellipsizeMode="tail"
      >
        Logging in...
      </Text>
    </View>
  </View>
</View>
`;
